// Jest Snapshot v1, https://goo.gl/fbAQLP

exports[`SearchBar component should renders correctly 1`] = `
<View
  style={
    [
      {
        "backgroundColor": "#fff",
      },
      [
        {
          "alignItems": "center",
          "borderRadius": 20,
          "flex": 1,
          "flexDirection": "row",
          "marginBottom": 5,
          "maxHeight": 40,
          "maxWidth": 500,
          "paddingHorizontal": 5,
          "width": "100%",
        },
        {
          "backgroundColor": "#fff",
          "borderColor": "rgba(0,0,0,0.3)",
          "borderWidth": 1,
        },
      ],
    ]
  }
>
  <Text />
  <TextInput
    cursorColor="#000"
    inputMode="text"
    onChangeText={[Function]}
    placeholder="a"
    placeholderTextColor="#7D7D7D"
    style={
      [
        {
          "width": "100%",
        },
        {
          "color": "#000",
        },
      ]
    }
  />
</View>
`;
