// Jest Snapshot v1, https://goo.gl/fbAQLP

exports[`TimeAgo component should renders correctly 1`] = `
<Text
  style={
    [
      {
        "color": "#fff",
        "fontSize": 14,
        "opacity": 0.8,
      },
      {
        "fontFamily": "OpenSans",
      },
    ]
  }
>
  Há poucos segundos atrás
</Text>
`;
